Account sequence: 3
Payment confirmed: 4F432FD497E4ABC6F39E13013BE9AD590275251B30ADA0A1933DE0A9B2BF9EE0
Ledger #9: 1 transactions
Ledger #10: 0 transactions
Account sequence: 9
Ledger #11: 1 transactions
Ledger #12: 0 transactions
{
  "date": "2026-09-22T17:02:07.892Z",
  "node": "v25.9.0",
  "endpoint": "ws://127.0.0.1:16006",
  "scope": "Actual proposed Getting Started run() on an isolated standalone ledger. No public faucet or production account. Both success and validated-failure paths.",
  "results": [
    {
      "name": "First payment succeeds",
      "passed": true,
      "receiverXrp": 1001
    },
    {
      "name": "Validated failure is reported",
      "passed": true,
      "message": "Payment failed: tecUNFUNDED_PAYMENT",
      "receiverXrp": 1001
    }
  ],
  "server": "3.4.0-rc1"
}
