Account sequence: 3
Payment confirmed: 5D7CD078BFF856D78C6E938D3CAF6CF1355439C66D62EB17E4BE8D59C13FB5FB
Ledger #9: 1 transactions
Ledger #10: 0 transactions
Ledger #11: 1 transactions
Ledger #12: 0 transactions
Prepared fee: 12
Ledger #13: 1 transactions
Ledger #14: 0 transactions
Payment confirmed: A2FEFD65C816A834B4D50ACA26E80571ECD7888883C4607A7D00DB38F5801FE5
Receiver balance: 1001 XRP
Ledger #15: 1 transactions
Ledger #16: 0 transactions
Issuer: rhZVLbKTkKENg1DGPzg1TVvchphSi35Wty
Ledger #17: 0 transactions
Ledger #18: 1 transactions
Ledger #19: 0 transactions
MPT created: https://devnet.xrpl.org/mpt/0000000F270D57E3FD9CB563FA3BF7CFD37B769EB3AD7BD2
Metadata: {
  asset_class: 'rwa',
  additional_info: { interest_rate: '5.00%', maturity_date: '2045-06-30' },
  asset_subclass: 'treasury',
  desc: 'Demonstration token backed by fictional short-term Treasuries.',
  icon: 'https://example.org/tbill-icon.png',
  issuer_name: 'Example Yield Co.',
  name: 'T-Bill Yield Token',
  ticker: 'TBILL',
  uris: [
    {
      category: 'website',
      title: 'Product',
      uri: 'https://example.org/tbill'
    }
  ]
}
Ledger #20: 1 transactions
Ledger #21: 0 transactions
Transfer fee: 10
Updated metadata: {
  asset_class: 'rwa',
  additional_info: { interest_rate: '4.75%', maturity_date: '2045-06-30' },
  asset_subclass: 'treasury',
  desc: 'Demonstration token backed by fictional short-term Treasuries.',
  icon: 'https://example.org/tbill-icon.png',
  issuer_name: 'Example Yield Co.',
  name: 'T-Bill Yield Token',
  ticker: 'TBILL',
  uris: [
    {
      category: 'website',
      title: 'Product',
      uri: 'https://example.org/tbill'
    }
  ]
}
Ledger #22: 1 transactions
Ledger #23: 0 transactions
Ledger #24: 1 transactions
Ledger #25: 0 transactions
Ledger #26: 1 transactions
Ledger #27: 0 transactions
Ledger #28: 1 transactions
Ledger #29: 0 transactions
Ledger #30: 1 transactions
Ledger #31: 0 transactions
Ledger #32: 1 transactions
Ledger #33: 0 transactions
AMM created: https://devnet.xrpl.org/transactions/AD63D246FFC335C8970BB45E49232D767B4F426BCE3135F505B61B54A804FAE7
Pool: 100 FOO.rNU2HqGoGARdmga7iWENQTfDZ5PYxjELrm / 10 XRP
LP tokens: 31622.77660168379 031D4857BE920E5830EF5EC8DD77C29050FCD8F9
LP-token trust lines: [
  {
    account: 'ra8G5sJWCC13KUooEYVyFFDtpsr4Y2sMFR',
    balance: '31622.77660168379',
    currency: '031D4857BE920E5830EF5EC8DD77C29050FCD8F9',
    limit: '0',
    limit_peer: '0',
    no_ripple: true,
    quality_in: 0,
    quality_out: 0
  }
]
4/4 example workflows completed
